[INFO] Scanning for projects...
[INFO] 
[INFO] ----------------------< tn.esprit.tn:Medicare_Ai >----------------------
[INFO] Building Medicare_Ai 0.0.1-SNAPSHOT
[INFO]   from pom.xml
[INFO] --------------------------------[ jar ]---------------------------------
[INFO] 
[INFO] --- resources:3.3.1:resources (default-resources) @ Medicare_Ai ---
[INFO] Copying 1 resource from src\main\resources to target\classes
[INFO] Copying 0 resource from src\main\resources to target\classes
[INFO] 
[INFO] --- compiler:3.14.1:compile (default-compile) @ Medicare_Ai ---
[INFO] Recompiling the module because of changed source code.
[INFO] Compiling 125 source files with javac [debug parameters release 17] to target\classes
[INFO] 
[INFO] --- resources:3.3.1:testResources (default-testResources) @ Medicare_Ai ---
[INFO] skip non existing resourceDirectory C:\Users\NAYROUZ\Desktop\projetpi\Medicare_Ai\src\test\resources
[INFO] 
[INFO] --- compiler:3.14.1:testCompile (default-testCompile) @ Medicare_Ai ---
[INFO] Recompiling the module because of changed dependency.
[INFO] Compiling 30 source files with javac [debug parameters release 17] to target\test-classes
[INFO] 
[INFO] --- surefire:3.5.5:test (default-test) @ Medicare_Ai ---
[INFO] Using auto detected provider org.apache.maven.surefire.junitplatform.JUnitPlatformProvider
[INFO] 
[INFO] -------------------------------------------------------
[INFO]  T E S T S
[INFO] -------------------------------------------------------
[INFO] Running tn.esprit.tn.medicare_ai.controller.AllergyControllerTest
.\mvnw.cmd : Mockito is currently self-attaching to enable the inline-mock-maker. This will no longer work in future releases of the JDK. Please add 
Mockito as an agent to your build as described in Mockito's documentation: 
https://javadoc.io/doc/org.mockito/mockito-core/latest/org.mockito/org/mockito/Mockito.html#0.3
Au caractère Ligne:1 : 51
+ ... ROUZ\Desktop\projetpi\Medicare_Ai; .\mvnw.cmd test *> test-output.txt
+                                        ~~~~~~~~~~~~~~~~~~~~~~~~~~~~~~~~~~
    + CategoryInfo          : NotSpecified: (Mockito is curr...ockito.html#0.3:String) [], RemoteException
    + FullyQualifiedErrorId : NativeCommandError
 
WARNING: A Java agent has been loaded dynamically (C:\Users\NAYROUZ\.m2\repository\net\bytebuddy\byte-buddy-agent\1.17.8\byte-buddy-agent-1.17.8.jar)
WARNING: If a serviceability tool is in use, please run with -XX:+EnableDynamicAgentLoading to hide this warning
WARNING: If a serviceability tool is not in use, please run with -Djdk.instrument.traceUsage for more information
WARNING: Dynamic loading of agents will be disallowed by default in a future release
OpenJDK 64-Bit Server VM warning: Sharing is only supported for boot loader classes because bootstrap classpath has been appended
11:52:22.014 [main] INFO org.hibernate.validator.internal.util.Version -- HV000001: Hibernate Validator 9.0.1.Final
11:52:22.523 [main] INFO org.springframework.mock.web.MockServletContext -- Initializing Spring TestDispatcherServlet ''
11:52:22.524 [main] INFO org.springframework.test.web.servlet.TestDispatcherServlet -- Initializing Servlet ''
11:52:22.529 [main] INFO org.springframework.test.web.servlet.TestDispatcherServlet -- Completed initialization in 4 ms
11:52:22.854 [main] INFO org.springframework.mock.web.MockServletContext -- Initializing Spring TestDispatcherServlet ''
11:52:22.854 [main] INFO org.springframework.test.web.servlet.TestDispatcherServlet -- Initializing Servlet ''
11:52:22.854 [main] INFO org.springframework.test.web.servlet.TestDispatcherServlet -- Completed initialization in 0 ms
[INFO] Tests run: 2, Failures: 0, Errors: 0, Skipped: 0, Time elapsed: 4.059 s -- in tn.esprit.tn.medicare_ai.controller.AllergyControllerTest
[INFO] Running tn.esprit.tn.medicare_ai.controller.AppointmentControllerTest
11:52:23.040 [main] INFO org.springframework.mock.web.MockServletContext -- Initializing Spring TestDispatcherServlet ''
11:52:23.041 [main] INFO org.springframework.test.web.servlet.TestDispatcherServlet -- Initializing Servlet ''
11:52:23.041 [main] INFO org.springframework.test.web.servlet.TestDispatcherServlet -- Completed initialization in 0 ms
11:52:23.109 [main] INFO org.springframework.mock.web.MockServletContext -- Initializing Spring TestDispatcherServlet ''
11:52:23.111 [main] INFO org.springframework.test.web.servlet.TestDispatcherServlet -- Initializing Servlet ''
11:52:23.112 [main] INFO org.springframework.test.web.servlet.TestDispatcherServlet -- Completed initialization in 1 ms
[INFO] Tests run: 2, Failures: 0, Errors: 0, Skipped: 0, Time elapsed: 0.232 s -- in tn.esprit.tn.medicare_ai.controller.AppointmentControllerTest
[INFO] Running tn.esprit.tn.medicare_ai.controller.AuthControllerTest
11:52:23.424 [main] INFO org.springframework.mock.web.MockServletContext -- Initializing Spring TestDispatcherServlet ''
11:52:23.425 [main] INFO org.springframework.test.web.servlet.TestDispatcherServlet -- Initializing Servlet ''
11:52:23.426 [main] INFO org.springframework.test.web.servlet.TestDispatcherServlet -- Completed initialization in 1 ms
11:52:23.504 [main] INFO org.springframework.mock.web.MockServletContext -- Initializing Spring TestDispatcherServlet ''
11:52:23.505 [main] INFO org.springframework.test.web.servlet.TestDispatcherServlet -- Initializing Servlet ''
11:52:23.505 [main] INFO org.springframework.test.web.servlet.TestDispatcherServlet -- Completed initialization in 0 ms
11:52:23.607 [main] INFO org.springframework.mock.web.MockServletContext -- Initializing Spring TestDispatcherServlet ''
11:52:23.608 [main] INFO org.springframework.test.web.servlet.TestDispatcherServlet -- Initializing Servlet ''
11:52:23.608 [main] INFO org.springframework.test.web.servlet.TestDispatcherServlet -- Completed initialization in 0 ms
11:52:23.646 [main] INFO org.springframework.mock.web.MockServletContext -- Initializing Spring TestDispatcherServlet ''
11:52:23.646 [main] INFO org.springframework.test.web.servlet.TestDispatcherServlet -- Initializing Servlet ''
11:52:23.646 [main] INFO org.springframework.test.web.servlet.TestDispatcherServlet -- Completed initialization in 0 ms
[INFO] Tests run: 4, Failures: 0, Errors: 0, Skipped: 0, Time elapsed: 0.512 s -- in tn.esprit.tn.medicare_ai.controller.AuthControllerTest
[INFO] Running tn.esprit.tn.medicare_ai.controller.AvailabilityControllerTest
11:52:23.741 [main] INFO org.springframework.mock.web.MockServletContext -- Initializing Spring TestDispatcherServlet ''
11:52:23.741 [main] INFO org.springframework.test.web.servlet.TestDispatcherServlet -- Initializing Servlet ''
11:52:23.741 [main] INFO org.springframework.test.web.servlet.TestDispatcherServlet -- Completed initialization in 0 ms
11:52:23.776 [main] INFO org.springframework.mock.web.MockServletContext -- Initializing Spring TestDispatcherServlet ''
11:52:23.776 [main] INFO org.springframework.test.web.servlet.TestDispatcherServlet -- Initializing Servlet ''
11:52:23.777 [main] INFO org.springframework.test.web.servlet.TestDispatcherServlet -- Completed initialization in 1 ms
[INFO] Tests run: 2, Failures: 0, Errors: 0, Skipped: 0, Time elapsed: 0.126 s -- in tn.esprit.tn.medicare_ai.controller.AvailabilityControllerTest
[INFO] Running tn.esprit.tn.medicare_ai.controller.InteractionControllerTest
11:52:23.918 [main] INFO org.springframework.test.context.support.AnnotationConfigContextLoaderUtils -- Could not detect default configuration classes for test class [tn.esprit.tn.medicare_ai.controller.InteractionControllerTest]: InteractionControllerTest does not declare any static, non-private, non-final, nested classes annotated with @Configuration.
11:52:24.227 [main] INFO org.springframework.boot.test.context.SpringBootTestContextBootstrapper -- Found @SpringBootConfiguration tn.esprit.tn.medicare_ai.MedicareAiApplication for test class tn.esprit.tn.medicare_ai.controller.InteractionControllerTest
11:52:24.353 [main] INFO org.springframework.test.context.support.AnnotationConfigContextLoaderUtils -- Could not detect default configuration classes for test class [tn.esprit.tn.medicare_ai.controller.InteractionControllerTest]: InteractionControllerTest does not declare any static, non-private, non-final, nested classes annotated with @Configuration.
11:52:24.363 [main] INFO org.springframework.boot.test.context.SpringBootTestContextBootstrapper -- Found @SpringBootConfiguration tn.esprit.tn.medicare_ai.MedicareAiApplication for test class tn.esprit.tn.medicare_ai.controller.InteractionControllerTest

  .   ____          _            __ _ _
 /\\ / ___'_ __ _ _(_)_ __  __ _ \ \ \ \
( ( )\___ | '_ | '_| | '_ \/ _` | \ \ \ \
 \\/  ___)| |_)| | | | | || (_| |  ) ) ) )
  '  |____| .__|_| |_|_| |_\__, | / / / /
 =========|_|==============|___/=/_/_/_/

 :: Spring Boot ::                (v4.0.4)

2026-03-31T11:52:24.861+01:00  INFO 7428 --- [medicare-ai] [           main] t.e.t.m.c.InteractionControllerTest      : Starting InteractionControllerTest using Java 21.0.7 with PID 7428 (started by NAYROUZ in C:\Users\NAYROUZ\Desktop\projetpi\Medicare_Ai)
2026-03-31T11:52:24.863+01:00  INFO 7428 --- [medicare-ai] [           main] t.e.t.m.c.InteractionControllerTest      : No active profile set, falling back to 1 default profile: "default"
2026-03-31T11:52:28.298+01:00  INFO 7428 --- [medicare-ai] [           main] eAuthenticationProviderManagerConfigurer : Global AuthenticationManager configured with AuthenticationProvider bean with name authProvider
2026-03-31T11:52:28.299+01:00  WARN 7428 --- [medicare-ai] [           main] r$InitializeUserDetailsManagerConfigurer : Global AuthenticationManager configured with an AuthenticationProvider bean. UserDetailsService beans will not be used by Spring Security for automatically configuring username/password login. Consider removing the AuthenticationProvider bean. Alternatively, consider using the UserDetailsService in a manually instantiated DaoAuthenticationProvider. If the current configuration is intentional, to turn off this warning, increase the logging level of 'org.springframework.security.config.annotation.authentication.configuration.InitializeUserDetailsBeanManagerConfigurer' to ERROR
2026-03-31T11:52:30.646+01:00  INFO 7428 --- [medicare-ai] [           main] o.s.b.t.m.w.SpringBootMockServletContext : Initializing Spring TestDispatcherServlet ''
2026-03-31T11:52:30.646+01:00  INFO 7428 --- [medicare-ai] [           main] o.s.t.web.servlet.TestDispatcherServlet  : Initializing Servlet ''
2026-03-31T11:52:30.649+01:00  INFO 7428 --- [medicare-ai] [           main] o.s.t.web.servlet.TestDispatcherServlet  : Completed initialization in 3 ms
2026-03-31T11:52:30.698+01:00  INFO 7428 --- [medicare-ai] [           main] t.e.t.m.c.InteractionControllerTest      : Started InteractionControllerTest in 6.228 seconds (process running for 12.961)
2026-03-31T11:52:30.704+01:00  WARN 7428 --- [medicare-ai] [           main] o.s.core.events.SpringDocAppInitializer  : SpringDoc /v3/api-docs endpoint is enabled by default. To disable it in production, set the property 'springdoc.api-docs.enabled=false'
2026-03-31T11:52:30.704+01:00  WARN 7428 --- [medicare-ai] [           main] o.s.core.events.SpringDocAppInitializer  : SpringDoc /swagger-ui.html endpoint is enabled by default. To disable it in production, set the property 'springdoc.swagger-ui.enabled=false'
[INFO] Tests run: 2, Failures: 0, Errors: 0, Skipped: 0, Time elapsed: 7.130 s -- in tn.esprit.tn.medicare_ai.controller.InteractionControllerTest
[INFO] Running tn.esprit.tn.medicare_ai.controller.LabResultControllerTest
2026-03-31T11:52:31.030+01:00  INFO 7428 --- [medicare-ai] [           main] o.s.mock.web.MockServletContext          : Initializing Spring TestDispatcherServlet ''
2026-03-31T11:52:31.030+01:00  INFO 7428 --- [medicare-ai] [           main] o.s.t.web.servlet.TestDispatcherServlet  : Initializing Servlet ''
2026-03-31T11:52:31.030+01:00  INFO 7428 --- [medicare-ai] [           main] o.s.t.web.servlet.TestDispatcherServlet  : Completed initialization in 0 ms
2026-03-31T11:52:31.062+01:00  INFO 7428 --- [medicare-ai] [           main] o.s.mock.web.MockServletContext          : Initializing Spring TestDispatcherServlet ''
2026-03-31T11:52:31.062+01:00  INFO 7428 --- [medicare-ai] [           main] o.s.t.web.servlet.TestDispatcherServlet  : Initializing Servlet ''
2026-03-31T11:52:31.062+01:00  INFO 7428 --- [medicare-ai] [           main] o.s.t.web.servlet.TestDispatcherServlet  : Completed initialization in 0 ms
[INFO] Tests run: 2, Failures: 0, Errors: 0, Skipped: 0, Time elapsed: 0.095 s -- in tn.esprit.tn.medicare_ai.controller.LabResultControllerTest
[INFO] Running tn.esprit.tn.medicare_ai.controller.LegacyPrescriptionControllerTest
2026-03-31T11:52:31.087+01:00  INFO 7428 --- [medicare-ai] [           main] o.s.mock.web.MockServletContext          : Initializing Spring TestDispatcherServlet ''
2026-03-31T11:52:31.088+01:00  INFO 7428 --- [medicare-ai] [           main] o.s.t.web.servlet.TestDispatcherServlet  : Initializing Servlet ''
2026-03-31T11:52:31.089+01:00  INFO 7428 --- [medicare-ai] [           main] o.s.t.web.servlet.TestDispatcherServlet  : Completed initialization in 1 ms
2026-03-31T11:52:31.122+01:00  INFO 7428 --- [medicare-ai] [           main] o.s.mock.web.MockServletContext          : Initializing Spring TestDispatcherServlet ''
2026-03-31T11:52:31.122+01:00  INFO 7428 --- [medicare-ai] [           main] o.s.t.web.servlet.TestDispatcherServlet  : Initializing Servlet ''
2026-03-31T11:52:31.122+01:00  INFO 7428 --- [medicare-ai] [           main] o.s.t.web.servlet.TestDispatcherServlet  : Completed initialization in 0 ms
[INFO] Tests run: 2, Failures: 0, Errors: 0, Skipped: 0, Time elapsed: 0.061 s -- in tn.esprit.tn.medicare_ai.controller.LegacyPrescriptionControllerTest
[INFO] Running tn.esprit.tn.medicare_ai.controller.MedicalImageControllerTest
2026-03-31T11:52:31.197+01:00  INFO 7428 --- [medicare-ai] [           main] o.s.mock.web.MockServletContext          : Initializing Spring TestDispatcherServlet ''
2026-03-31T11:52:31.198+01:00  INFO 7428 --- [medicare-ai] [           main] o.s.t.web.servlet.TestDispatcherServlet  : Initializing Servlet ''
2026-03-31T11:52:31.198+01:00  INFO 7428 --- [medicare-ai] [           main] o.s.t.web.servlet.TestDispatcherServlet  : Completed initialization in 0 ms
2026-03-31T11:52:31.225+01:00  INFO 7428 --- [medicare-ai] [           main] o.s.mock.web.MockServletContext          : Initializing Spring TestDispatcherServlet ''
2026-03-31T11:52:31.226+01:00  INFO 7428 --- [medicare-ai] [           main] o.s.t.web.servlet.TestDispatcherServlet  : Initializing Servlet ''
2026-03-31T11:52:31.226+01:00  INFO 7428 --- [medicare-ai] [           main] o.s.t.web.servlet.TestDispatcherServlet  : Completed initialization in 0 ms
[INFO] Tests run: 2, Failures: 0, Errors: 0, Skipped: 0, Time elapsed: 0.095 s -- in tn.esprit.tn.medicare_ai.controller.MedicalImageControllerTest
[INFO] Running tn.esprit.tn.medicare_ai.controller.MedicalRecordControllerTest
2026-03-31T11:52:31.345+01:00  INFO 7428 --- [medicare-ai] [           main] o.s.mock.web.MockServletContext          : Initializing Spring TestDispatcherServlet ''
2026-03-31T11:52:31.345+01:00  INFO 7428 --- [medicare-ai] [           main] o.s.t.web.servlet.TestDispatcherServlet  : Initializing Servlet ''
2026-03-31T11:52:31.345+01:00  INFO 7428 --- [medicare-ai] [           main] o.s.t.web.servlet.TestDispatcherServlet  : Completed initialization in 0 ms
2026-03-31T11:52:31.386+01:00  INFO 7428 --- [medicare-ai] [           main] o.s.mock.web.MockServletContext          : Initializing Spring TestDispatcherServlet ''
2026-03-31T11:52:31.386+01:00  INFO 7428 --- [medicare-ai] [           main] o.s.t.web.servlet.TestDispatcherServlet  : Initializing Servlet ''
2026-03-31T11:52:31.386+01:00  INFO 7428 --- [medicare-ai] [           main] o.s.t.web.servlet.TestDispatcherServlet  : Completed initialization in 0 ms
[INFO] Tests run: 2, Failures: 0, Errors: 0, Skipped: 0, Time elapsed: 0.156 s -- in tn.esprit.tn.medicare_ai.controller.MedicalRecordControllerTest
[INFO] Running tn.esprit.tn.medicare_ai.controller.MedicineControllerTest
2026-03-31T11:52:31.397+01:00  INFO 7428 --- [medicare-ai] [           main] t.c.s.AnnotationConfigContextLoaderUtils : Could not detect default configuration classes for test class [tn.esprit.tn.medicare_ai.controller.MedicineControllerTest]: MedicineControllerTest does not declare any static, non-private, non-final, nested classes annotated with @Configuration.
2026-03-31T11:52:31.404+01:00  INFO 7428 --- [medicare-ai] [           main] .b.t.c.SpringBootTestContextBootstrapper : Found @SpringBootConfiguration tn.esprit.tn.medicare_ai.MedicareAiApplication for test class tn.esprit.tn.medicare_ai.controller.MedicineControllerTest
2026-03-31T11:52:31.406+01:00  INFO 7428 --- [medicare-ai] [           main] t.c.s.AnnotationConfigContextLoaderUtils : Could not detect default configuration classes for test class [tn.esprit.tn.medicare_ai.controller.MedicineControllerTest]: MedicineControllerTest does not declare any static, non-private, non-final, nested classes annotated with @Configuration.
2026-03-31T11:52:31.409+01:00  INFO 7428 --- [medicare-ai] [           main] .b.t.c.SpringBootTestContextBootstrapper : Found @SpringBootConfiguration tn.esprit.tn.medicare_ai.MedicareAiApplication for test class tn.esprit.tn.medicare_ai.controller.MedicineControllerTest
2026-03-31T11:52:31.459+01:00  WARN 7428 --- [medicare-ai] [           main] ration$PageModule$WarningLoggingModifier : Serializing PageImpl instances as-is is not supported, meaning that there is no guarantee about the stability of the resulting JSON structure!
	For a stable JSON structure, please use Spring Data's PagedModel (globally via @EnableSpringDataWebSupport(pageSerializationMode = VIA_DTO))
	or Spring HATEOAS and Spring Data's PagedResourcesAssembler as documented in https://docs.spring.io/spring-data/commons/reference/repositories/core-extensions.html#core.web.pageables.

[INFO] Tests run: 2, Failures: 0, Errors: 0, Skipped: 0, Time elapsed: 0.104 s -- in tn.esprit.tn.medicare_ai.controller.MedicineControllerTest
[INFO] Running tn.esprit.tn.medicare_ai.controller.OpenApiDocsTest
2026-03-31T11:52:31.502+01:00  INFO 7428 --- [medicare-ai] [           main] t.c.s.AnnotationConfigContextLoaderUtils : Could not detect default configuration classes for test class [tn.esprit.tn.medicare_ai.controller.OpenApiDocsTest]: OpenApiDocsTest does not declare any static, non-private, non-final, nested classes annotated with @Configuration.
2026-03-31T11:52:31.508+01:00  INFO 7428 --- [medicare-ai] [           main] .b.t.c.SpringBootTestContextBootstrapper : Found @SpringBootConfiguration tn.esprit.tn.medicare_ai.MedicareAiApplication for test class tn.esprit.tn.medicare_ai.controller.OpenApiDocsTest
2026-03-31T11:52:31.509+01:00  INFO 7428 --- [medicare-ai] [           main] t.c.s.AnnotationConfigContextLoaderUtils : Could not detect default configuration classes for test class [tn.esprit.tn.medicare_ai.controller.OpenApiDocsTest]: OpenApiDocsTest does not declare any static, non-private, non-final, nested classes annotated with @Configuration.
2026-03-31T11:52:31.513+01:00  INFO 7428 --- [medicare-ai] [           main] .b.t.c.SpringBootTestContextBootstrapper : Found @SpringBootConfiguration tn.esprit.tn.medicare_ai.MedicareAiApplication for test class tn.esprit.tn.medicare_ai.controller.OpenApiDocsTest
2026-03-31T11:52:32.476+01:00  INFO 7428 --- [medicare-ai] [           main] o.springdoc.api.AbstractOpenApiResource  : Init duration for springdoc-openapi is: 944 ms
[INFO] Tests run: 1, Failures: 0, Errors: 0, Skipped: 0, Time elapsed: 1.047 s -- in tn.esprit.tn.medicare_ai.controller.OpenApiDocsTest
[INFO] Running tn.esprit.tn.medicare_ai.controller.OrderControllerTest
2026-03-31T11:52:32.556+01:00  INFO 7428 --- [medicare-ai] [           main] t.c.s.AnnotationConfigContextLoaderUtils : Could not detect default configuration classes for test class [tn.esprit.tn.medicare_ai.controller.OrderControllerTest]: OrderControllerTest does not declare any static, non-private, non-final, nested classes annotated with @Configuration.
2026-03-31T11:52:32.564+01:00  INFO 7428 --- [medicare-ai] [           main] .b.t.c.SpringBootTestContextBootstrapper : Found @SpringBootConfiguration tn.esprit.tn.medicare_ai.MedicareAiApplication for test class tn.esprit.tn.medicare_ai.controller.OrderControllerTest
2026-03-31T11:52:32.566+01:00  INFO 7428 --- [medicare-ai] [           main] t.c.s.AnnotationConfigContextLoaderUtils : Could not detect default configuration classes for test class [tn.esprit.tn.medicare_ai.controller.OrderControllerTest]: OrderControllerTest does not declare any static, non-private, non-final, nested classes annotated with @Configuration.
2026-03-31T11:52:32.571+01:00  INFO 7428 --- [medicare-ai] [           main] .b.t.c.SpringBootTestContextBootstrapper : Found @SpringBootConfiguration tn.esprit.tn.medicare_ai.MedicareAiApplication for test class tn.esprit.tn.medicare_ai.controller.OrderControllerTest
[INFO] Tests run: 7, Failures: 0, Errors: 0, Skipped: 0, Time elapsed: 0.218 s -- in tn.esprit.tn.medicare_ai.controller.OrderControllerTest
[INFO] Running tn.esprit.tn.medicare_ai.controller.PatientControllerTest
2026-03-31T11:52:32.787+01:00  INFO 7428 --- [medicare-ai] [           main] o.s.mock.web.MockServletContext          : Initializing Spring TestDispatcherServlet ''
2026-03-31T11:52:32.788+01:00  INFO 7428 --- [medicare-ai] [           main] o.s.t.web.servlet.TestDispatcherServlet  : Initializing Servlet ''
2026-03-31T11:52:32.788+01:00  INFO 7428 --- [medicare-ai] [           main] o.s.t.web.servlet.TestDispatcherServlet  : Completed initialization in 0 ms
[INFO] Tests run: 1, Failures: 0, Errors: 0, Skipped: 0, Time elapsed: 0.024 s -- in tn.esprit.tn.medicare_ai.controller.PatientControllerTest
[INFO] Running tn.esprit.tn.medicare_ai.controller.PrescriptionControllerTest
2026-03-31T11:52:32.800+01:00  INFO 7428 --- [medicare-ai] [           main] t.c.s.AnnotationConfigContextLoaderUtils : Could not detect default configuration classes for test class [tn.esprit.tn.medicare_ai.controller.PrescriptionControllerTest]: PrescriptionControllerTest does not declare any static, non-private, non-final, nested classes annotated with @Configuration.
2026-03-31T11:52:32.807+01:00  INFO 7428 --- [medicare-ai] [           main] .b.t.c.SpringBootTestContextBootstrapper : Found @SpringBootConfiguration tn.esprit.tn.medicare_ai.MedicareAiApplication for test class tn.esprit.tn.medicare_ai.controller.PrescriptionControllerTest
2026-03-31T11:52:32.809+01:00  INFO 7428 --- [medicare-ai] [           main] t.c.s.AnnotationConfigContextLoaderUtils : Could not detect default configuration classes for test class [tn.esprit.tn.medicare_ai.controller.PrescriptionControllerTest]: PrescriptionControllerTest does not declare any static, non-private, non-final, nested classes annotated with @Configuration.
2026-03-31T11:52:32.813+01:00  INFO 7428 --- [medicare-ai] [           main] .b.t.c.SpringBootTestContextBootstrapper : Found @SpringBootConfiguration tn.esprit.tn.medicare_ai.MedicareAiApplication for test class tn.esprit.tn.medicare_ai.controller.PrescriptionControllerTest
[INFO] Tests run: 3, Failures: 0, Errors: 0, Skipped: 0, Time elapsed: 0.134 s -- in tn.esprit.tn.medicare_ai.controller.PrescriptionControllerTest
[INFO] Running tn.esprit.tn.medicare_ai.controller.RefillControllerTest
2026-03-31T11:52:32.940+01:00  INFO 7428 --- [medicare-ai] [           main] t.c.s.AnnotationConfigContextLoaderUtils : Could not detect default configuration classes for test class [tn.esprit.tn.medicare_ai.controller.RefillControllerTest]: RefillControllerTest does not declare any static, non-private, non-final, nested classes annotated with @Configuration.
2026-03-31T11:52:32.945+01:00  INFO 7428 --- [medicare-ai] [           main] .b.t.c.SpringBootTestContextBootstrapper : Found @SpringBootConfiguration tn.esprit.tn.medicare_ai.MedicareAiApplication for test class tn.esprit.tn.medicare_ai.controller.RefillControllerTest
2026-03-31T11:52:32.946+01:00  INFO 7428 --- [medicare-ai] [           main] t.c.s.AnnotationConfigContextLoaderUtils : Could not detect default configuration classes for test class [tn.esprit.tn.medicare_ai.controller.RefillControllerTest]: RefillControllerTest does not declare any static, non-private, non-final, nested classes annotated with @Configuration.
2026-03-31T11:52:32.952+01:00  INFO 7428 --- [medicare-ai] [           main] .b.t.c.SpringBootTestContextBootstrapper : Found @SpringBootConfiguration tn.esprit.tn.medicare_ai.MedicareAiApplication for test class tn.esprit.tn.medicare_ai.controller.RefillControllerTest
[INFO] Tests run: 2, Failures: 0, Errors: 0, Skipped: 0, Time elapsed: 0.084 s -- in tn.esprit.tn.medicare_ai.controller.RefillControllerTest
[INFO] Running tn.esprit.tn.medicare_ai.controller.VisitNoteControllerTest
2026-03-31T11:52:33.104+01:00  INFO 7428 --- [medicare-ai] [           main] o.s.mock.web.MockServletContext          : Initializing Spring TestDispatcherServlet ''
2026-03-31T11:52:33.104+01:00  INFO 7428 --- [medicare-ai] [           main] o.s.t.web.servlet.TestDispatcherServlet  : Initializing Servlet ''
2026-03-31T11:52:33.104+01:00  INFO 7428 --- [medicare-ai] [           main] o.s.t.web.servlet.TestDispatcherServlet  : Completed initialization in 0 ms
2026-03-31T11:52:33.130+01:00  INFO 7428 --- [medicare-ai] [           main] o.s.mock.web.MockServletContext          : Initializing Spring TestDispatcherServlet ''
2026-03-31T11:52:33.130+01:00  INFO 7428 --- [medicare-ai] [           main] o.s.t.web.servlet.TestDispatcherServlet  : Initializing Servlet ''
2026-03-31T11:52:33.131+01:00  INFO 7428 --- [medicare-ai] [           main] o.s.t.web.servlet.TestDispatcherServlet  : Completed initialization in 1 ms
[INFO] Tests run: 2, Failures: 0, Errors: 0, Skipped: 0, Time elapsed: 0.133 s -- in tn.esprit.tn.medicare_ai.controller.VisitNoteControllerTest
[INFO] Running tn.esprit.tn.medicare_ai.service.AllergyServiceTest
[INFO] Tests run: 2, Failures: 0, Errors: 0, Skipped: 0, Time elapsed: 0.086 s -- in tn.esprit.tn.medicare_ai.service.AllergyServiceTest
[INFO] Running tn.esprit.tn.medicare_ai.service.AppointmentServiceTest
[INFO] Tests run: 2, Failures: 0, Errors: 0, Skipped: 0, Time elapsed: 0.014 s -- in tn.esprit.tn.medicare_ai.service.AppointmentServiceTest
[INFO] Running tn.esprit.tn.medicare_ai.service.AuthServiceTest
[INFO] Tests run: 3, Failures: 0, Errors: 0, Skipped: 0, Time elapsed: 0.227 s -- in tn.esprit.tn.medicare_ai.service.AuthServiceTest
[INFO] Running tn.esprit.tn.medicare_ai.service.AvailabilityServiceTest
[INFO] Tests run: 2, Failures: 0, Errors: 0, Skipped: 0, Time elapsed: 0.008 s -- in tn.esprit.tn.medicare_ai.service.AvailabilityServiceTest
[INFO] Running tn.esprit.tn.medicare_ai.service.DrugInteractionServiceTest
[INFO] Tests run: 3, Failures: 0, Errors: 0, Skipped: 0, Time elapsed: 0.098 s -- in tn.esprit.tn.medicare_ai.service.DrugInteractionServiceTest
[INFO] Running tn.esprit.tn.medicare_ai.service.InventoryServiceTest
[INFO] Tests run: 3, Failures: 0, Errors: 0, Skipped: 0, Time elapsed: 0.110 s -- in tn.esprit.tn.medicare_ai.service.InventoryServiceTest
[INFO] Running tn.esprit.tn.medicare_ai.service.LabResultServiceTest
[INFO] Tests run: 2, Failures: 0, Errors: 0, Skipped: 0, Time elapsed: 0.007 s -- in tn.esprit.tn.medicare_ai.service.LabResultServiceTest
[INFO] Running tn.esprit.tn.medicare_ai.service.MedicalImageServiceTest
[INFO] Tests run: 2, Failures: 0, Errors: 0, Skipped: 0, Time elapsed: 0.009 s -- in tn.esprit.tn.medicare_ai.service.MedicalImageServiceTest
[INFO] Running tn.esprit.tn.medicare_ai.service.MedicalRecordServiceTest
[INFO] Tests run: 2, Failures: 0, Errors: 0, Skipped: 0, Time elapsed: 0.007 s -- in tn.esprit.tn.medicare_ai.service.MedicalRecordServiceTest
[INFO] Running tn.esprit.tn.medicare_ai.service.MedicineServiceTest
[INFO] Tests run: 3, Failures: 0, Errors: 0, Skipped: 0, Time elapsed: 0.011 s -- in tn.esprit.tn.medicare_ai.service.MedicineServiceTest
[INFO] Running tn.esprit.tn.medicare_ai.service.OrderServiceTest
[INFO] Tests run: 4, Failures: 0, Errors: 0, Skipped: 0, Time elapsed: 0.143 s -- in tn.esprit.tn.medicare_ai.service.OrderServiceTest
[INFO] Running tn.esprit.tn.medicare_ai.service.PrescriptionServiceTest
[INFO] Tests run: 3, Failures: 0, Errors: 0, Skipped: 0, Time elapsed: 0.017 s -- in tn.esprit.tn.medicare_ai.service.PrescriptionServiceTest
[INFO] Running tn.esprit.tn.medicare_ai.service.RefillServiceTest
[INFO] Tests run: 3, Failures: 0, Errors: 0, Skipped: 0, Time elapsed: 0.101 s -- in tn.esprit.tn.medicare_ai.service.RefillServiceTest
[INFO] Running tn.esprit.tn.medicare_ai.service.VisitNoteServiceTest
[INFO] Tests run: 2, Failures: 0, Errors: 0, Skipped: 0, Time elapsed: 0.015 s -- in tn.esprit.tn.medicare_ai.service.VisitNoteServiceTest
[INFO] 
[INFO] Results:
[INFO] 
[INFO] Tests run: 74, Failures: 0, Errors: 0, Skipped: 0
[INFO] 
[INFO] ------------------------------------------------------------------------
[INFO] BUILD SUCCESS
[INFO] ------------------------------------------------------------------------
[INFO] Total time:  36.140 s
[INFO] Finished at: 2026-03-31T11:52:34+01:00
[INFO] ------------------------------------------------------------------------
